https://upload.wikimedia.org/wikipedia/commons/c/c9/Trent_Reznor-FEB2008_%28cropped%2C_but_higher_quality%29_%282%29.jpg
https://upload.wikimedia.org/wikipedia/commons/a/a9/A_closer_look_at_trent_reznor_-_Flickr_-_ftrc.jpg
https://upload.wikimedia.org/wikipedia/commons/4/46/David_Byrne_and_Trent_Reznor_2012_%28cropped%29.jpg
https://upload.wikimedia.org/wikipedia/commons/f/fb/NIN-reznor.jpg
https://upload.wikimedia.org/wikipedia/commons/8/8c/NIN2008_%28cropped%29.jpg
https://upload.wikimedia.org/wikipedia/commons/c/c4/NIN2008.jpg
https://upload.wikimedia.org/wikipedia/commons/f/fb/NIN-reznor.jpg
https://upload.wikimedia.org/wikipedia/commons/thumb/a/a3/Nine_Inch_Nails_-_20.06.2022_-_O2_Apollo_Manchester.jpg/3840px-Nine_Inch_Nails_-_20.06.2022_-_O2_Apollo_Manchester.jpg
https://upload.wikimedia.org/wikipedia/commons/a/ae/Nine_Inch_Nails_-_Trent_Reznor_%283773294789%29.jpg
https://upload.wikimedia.org/wikipedia/commons/3/31/Nine_Inch_Nails_live_in_Wilkes-Barre%2C_PA_--_6_November_2005.jpg
https://upload.wikimedia.org/wikipedia/commons/e/e3/Nine_Inch_Nails_Moline_02.jpg
https://upload.wikimedia.org/wikipedia/commons/1/15/Nine_Inch_Nails_Moline_03.jpg
https://upload.wikimedia.org/wikipedia/commons/2/27/Nine_Inch_Nails_Moline_04.jpg
https://upload.wikimedia.org/wikipedia/commons/5/55/Nine_Inch_Nails_Rod_Laver_Arena_Melbourne_Australia_2005-08-18.jpg
https://upload.wikimedia.org/wikipedia/commons/5/50/NineInchNails-2014.JPG
https://upload.wikimedia.org/wikipedia/commons/2/2f/Reznor_Ross_G5_setup_cropped_tight.jpg
https://upload.wikimedia.org/wikipedia/commons/e/e2/Reznor_Ross_G5_setup.jpg
https://upload.wikimedia.org/wikipedia/commons/c/c5/Reznor07-cropped.jpg
https://upload.wikimedia.org/wikipedia/commons/4/41/Reznor07.jpg
https://upload.wikimedia.org/wikipedia/commons/5/56/Trent_Reznor_%283866916949%29.jpg
https://upload.wikimedia.org/wikipedia/commons/6/60/Trent_Reznor_%28black_and_white%29.jpg
https://upload.wikimedia.org/wikipedia/commons/1/13/Trent_Reznor_-_Flickr_-_monophonicgirl.jpg
https://upload.wikimedia.org/wikipedia/commons/thumb/b/b0/Trent_Reznor_and_Robin_Finck%2C_Santa_Barbara%2C_California.jpg/1280px-Trent_Reznor_and_Robin_Finck%2C_Santa_Barbara%2C_California.jpg
https://upload.wikimedia.org/wikipedia/commons/4/4e/Trent_Reznor_live_in_Munich_2007.jpg
https://upload.wikimedia.org/wikipedia/commons/4/45/Trent_Reznor_Lollapalooza_1991.jpg
https://upload.wikimedia.org/wikipedia/commons/8/82/Trent_Reznor_of_Nine_Inch_Nails_in_2005-2.jpg
https://upload.wikimedia.org/wikipedia/commons/9/93/Trent_Reznor_of_Nine_Inch_Nails_in_2005.jpg
https://upload.wikimedia.org/wikipedia/commons/8/89/Trent_Reznor_Self-Destruct.jpg
https://upload.wikimedia.org/wikipedia/commons/thumb/b/bc/Trent_Reznor_with_Nine_Inch_Nails_--_California%2C_21_May_2009.jpg/1280px-Trent_Reznor_with_Nine_Inch_Nails_--_California%2C_21_May_2009.jpg
https://upload.wikimedia.org/wikipedia/commons/c/c8/Trent_Reznor-FEB2008_%28cropped%2C_but_higher_quality%29.jpg
https://upload.wikimedia.org/wikipedia/commons/d/d5/Trent_Reznor-FEB2008.jpg
https://upload.wikimedia.org/wikipedia/commons/1/16/Trent-Reznor_2009.jpg
https://upload.wikimedia.org/wikipedia/commons/thumb/0/07/TrentReznor.jpg/1280px-TrentReznor.jpg
https://upload.wikimedia.org/wikipedia/commons/6/61/Trentreznorcc.jpg
https://live.staticflickr.com/3021/2312251410_c7fe86fb29_c.jpg
https://live.staticflickr.com/2127/2312251160_b340ba649e_c.jpg
https://live.staticflickr.com/3313/3216670352_5077675247_z.jpg
https://live.staticflickr.com/2135/2312251320_d97e1c3c99_n.jpg
https://live.staticflickr.com/2401/2311440809_328a270f4c_z.jpg
https://live.staticflickr.com/3159/2311441023_e11c5469f6_c.jpg
https://live.staticflickr.com/3068/2842017627_a371e24184_c.jpg
https://live.staticflickr.com/3048/3053576692_3e54bb4768_c.jpg
https://live.staticflickr.com/3118/3212246386_b63d898258_z.jpg
https://live.staticflickr.com/3385/3202191139_25dabcf678_z.jpg
https://live.staticflickr.com/3015/2997201879_1c5fc74dcd_c.jpg
https://live.staticflickr.com/3204/2739753098_8eb2d56cc7_c.jpg
https://live.staticflickr.com/3252/2739834768_7d40ed685e_c.jpg